// Jest Snapshot v1, https://goo.gl/fbAQLP

exports[`HomePage component should render 1`] = `
<div>
  <h1>
    Bantiiiii
  </h1>
  <p>
    API_GATEWAY = 
  </p>
  <a
    href="/login"
  >
    Go to login
  </a>
</div>
`;
