// Jest Snapshot v1, https://goo.gl/fbAQLP

exports[`Hero component should render 1`] = `
.c0 {
  background-color: #353535;
  padding: 1rem 0;
}

.c1 {
  -webkit-align-items: center;
  -webkit-box-align: center;
  -ms-flex-align: center;
  align-items: center;
  display: -webkit-box;
  display: -webkit-flex;
  display: -ms-flexbox;
  display: flex;
  -webkit-box-pack: justify;
  -webkit-justify-content: space-between;
  -ms-flex-pack: justify;
  justify-content: space-between;
  margin: 10px auto;
  width: 950px;
}

.c2 {
  -webkit-align-items: center;
  -webkit-box-align: center;
  -ms-flex-align: center;
  align-items: center;
  display: -webkit-box;
  display: -webkit-flex;
  display: -ms-flexbox;
  display: flex;
  -webkit-flex-direction: column;
  -ms-flex-direction: column;
  flex-direction: column;
  width: 450px;
}

.c3 {
  color: #00A7CB;
  font-size: 36px;
  margin: 0 0 2rem 0;
  text-align: center;
}

.c4 {
  background: linear-gradient(180deg,#20fff2 0%,rgba(255,255,255,0) 100%),#00a7cb;
  border: 0;
  border-radius: 33px;
  cursor: pointer;
  font-size: 1.25rem;
  opacity: 0.9;
  padding: 1rem 1.35rem;
}

.c5 {
  -webkit-align-items: center;
  -webkit-box-align: center;
  -ms-flex-align: center;
  align-items: center;
  display: -webkit-box;
  display: -webkit-flex;
  display: -ms-flexbox;
  display: flex;
  -webkit-flex-wrap: wrap;
  -ms-flex-wrap: wrap;
  flex-wrap: wrap;
  -webkit-box-pack: center;
  -webkit-justify-content: center;
  -ms-flex-pack: center;
  justify-content: center;
  width: 430px;
}

.c6 {
  height: auto;
  margin: 10px 20px;
  width: 250px;
}

.c7 {
  height: auto;
  margin: 10px 20px;
  width: 150px;
}

<div
  class="c0"
>
  <div
    class="c1"
  >
    <div
      class="c2"
    >
      <h3
        class="c3"
      >
        Discover a new way to play your favourite games
      </h3>
      <a
        href="/tournaments"
      >
        <button
          class="c4"
          type="button"
        >
          Find games
        </button>
      </a>
    </div>
    <div
      class="c5"
    >
      <img
        alt="pubg"
        class="c6"
        src="logo-pubg.png"
        width="250px"
      />
      <img
        alt="apex"
        class="c7"
        src="logo-apex.png"
        width="150px"
      />
      <img
        alt="fortnite"
        class="c7"
        src="logo-fortnite.png"
        width="150px"
      />
    </div>
  </div>
</div>
`;
